12:14:40 **** Build of configuration Debug for project 0_led_toggle_addr ****
make -j4 all 
arm-none-eabi-gcc "../Src/main.c" -mcpu=cortex-m4 -std=gnu11 -g3 -DSTM32 -DSTM32F4 -DSTM32F411RETx -DDEBUG -c -I../Inc -O0 -ffunction-sections -fdata-sections -Wall -fstack-usage -fcyclomatic-complexity -MMD -MP -MF"Src/main.d" -MT"Src/main.o" --specs=nano.specs -mfpu=fpv4-sp-d16 -mfloat-abi=hard -mthumb -o "Src/main.o"
arm-none-eabi-gcc -o "0_led_toggle_addr.elf" @"objects.list"   -mcpu=cortex-m4 -T"D:\STM32F411\STM32F4-BareMetal_Workspace\0_led_toggle_addr\STM32F411RETX_FLASH.ld" --specs=nosys.specs -Wl,-Map="0_led_toggle_addr.map" -Wl,--gc-sections -static --specs=nano.specs -mfpu=fpv4-sp-d16 -mfloat-abi=hard -mthumb -Wl,--start-group -lc -lm -Wl,--end-group
D:/Install/STM32CubeIDE_1.18.1/STM32CubeIDE/plugins/com.st.stm32cube.ide.mcu.externaltools.gnu-tools-for-stm32.13.3.rel1.win32_1.0.0.202411081344/tools/bin/../lib/gcc/arm-none-eabi/13.3.1/../../../../arm-none-eabi/bin/ld.exe: warning: 0_led_toggle_addr.elf has a LOAD segment with RWX permissions
Finished building target: 0_led_toggle_addr.elf
 
arm-none-eabi-size  0_led_toggle_addr.elf 
arm-none-eabi-objdump -h -S 0_led_toggle_addr.elf  > "0_led_toggle_addr.list"
   text	   data	    bss	    dec	    hex	filename
    744	      8	   1568	   2320	    910	0_led_toggle_addr.elf
Finished building: default.size.stdout
 
Finished building: 0_led_toggle_addr.list
 

12:14:41 Build Finished. 0 errors, 1 warnings. (took 849ms)

