21:53:56 **** Incremental Build of configuration Debug for project 11_Systick_delay ****
make -j4 all 
arm-none-eabi-gcc "../Src/systick.c" -mcpu=cortex-m4 -std=gnu11 -g3 -DSTM32 -DSTM32F4 -DSTM32F411RETx -DDEBUG -DSTM32F411xE -c -I../Inc -I"D:/STM32F411/STM32F4-BareMetal_Workspace/11_Systick_delay/Drivers/CMSIS/Device/ST/STM32F4xx/Include" -I"D:/STM32F411/STM32F4-BareMetal_Workspace/11_Systick_delay/Drivers/CMSIS/Include" -O0 -ffunction-sections -fdata-sections -Wall -fstack-usage -fcyclomatic-complexity -MMD -MP -MF"Src/systick.d" -MT"Src/systick.o" --specs=nano.specs -mfpu=fpv4-sp-d16 -mfloat-abi=hard -mthumb -o "Src/systick.o"
arm-none-eabi-gcc -o "11_Systick_delay.elf" @"objects.list"   -mcpu=cortex-m4 -T"D:\STM32F411\STM32F4-BareMetal_Workspace\11_Systick_delay\STM32F411RETX_FLASH.ld" --specs=nosys.specs -Wl,-Map="11_Systick_delay.map" -Wl,--gc-sections -static --specs=nano.specs -mfpu=fpv4-sp-d16 -mfloat-abi=hard -mthumb -Wl,--start-group -lc -lm -Wl,--end-group
D:/Install/STM32CubeIDE_1.18.1/STM32CubeIDE/plugins/com.st.stm32cube.ide.mcu.externaltools.gnu-tools-for-stm32.13.3.rel1.win32_1.0.0.202411081344/tools/bin/../lib/gcc/arm-none-eabi/13.3.1/../../../../arm-none-eabi/bin/ld.exe: warning: 11_Systick_delay.elf has a LOAD segment with RWX permissions
Finished building target: 11_Systick_delay.elf
 
arm-none-eabi-size  11_Systick_delay.elf 
arm-none-eabi-objdump -h -S 11_Systick_delay.elf  > "11_Systick_delay.list"
   text	   data	    bss	    dec	    hex	filename
   5060	    100	   1900	   7060	   1b94	11_Systick_delay.elf
Finished building: default.size.stdout
 
Finished building: 11_Systick_delay.list
 

21:53:57 Build Finished. 0 errors, 1 warnings. (took 792ms)

