21:04:14 **** Incremental Build of configuration Debug for project UART_Trans ****
make -j4 all 
arm-none-eabi-gcc "../Src/main.c" -mcpu=cortex-m4 -std=gnu11 -g3 -DDEBUG -DSTM32F429I_DISC1 -DSTM32 -DSTM32F429ZITx -DSTM32F4 -DSTM32F429xx -c -I../Inc -I"D:/STM32F411/Chip_headers/Device/ST/STM32F4xx/Include" -I"D:/STM32F411/Chip_headers/Include" -O0 -ffunction-sections -fdata-sections -Wall -fstack-usage -fcyclomatic-complexity -MMD -MP -MF"Src/main.d" -MT"Src/main.o" --specs=nano.specs -mfpu=fpv4-sp-d16 -mfloat-abi=hard -mthumb -o "Src/main.o"
arm-none-eabi-gcc -o "UART_Trans.elf" @"objects.list"   -mcpu=cortex-m4 -T"D:\stm_work\UART_Trans\STM32F429ZITX_FLASH.ld" --specs=nosys.specs -Wl,-Map="UART_Trans.map" -Wl,--gc-sections -static --specs=nano.specs -mfpu=fpv4-sp-d16 -mfloat-abi=hard -mthumb -Wl,--start-group -lc -lm -Wl,--end-group
Finished building target: UART_Trans.elf
 
arm-none-eabi-size  UART_Trans.elf 
arm-none-eabi-objdump -h -S UART_Trans.elf  > "UART_Trans.list"
   text	   data	    bss	    dec	    hex	filename
    972	      0	   1568	   2540	    9ec	UART_Trans.elf
Finished building: default.size.stdout
 
Finished building: UART_Trans.list
 
21:04:22 **** Incremental Build of configuration Debug for project UART_Trans ****
make -j4 all 
arm-none-eabi-size  UART_Trans.elf 
   text	   data	    bss	    dec	    hex	filename
    972	      0	   1568	   2540	    9ec	UART_Trans.elf
Finished building: default.size.stdout
 
