21:19:14 **** Incremental Build of configuration Debug for project USER_LED_HEADR ****
make -j4 all 
arm-none-eabi-gcc -mcpu=cortex-m4 -g3 -DDEBUG -c -x assembler-with-cpp -MMD -MP -MF"Startup/startup_stm32f429zitx.d" -MT"Startup/startup_stm32f429zitx.o" --specs=nano.specs -mfpu=fpv4-sp-d16 -mfloat-abi=hard -mthumb -o "Startup/startup_stm32f429zitx.o" "../Startup/startup_stm32f429zitx.s"
arm-none-eabi-gcc "../Src/main.c" -mcpu=cortex-m4 -std=gnu11 -g3 -DDEBUG -DSTM32F429I_DISC1 -DSTM32 -DSTM32F429ZITx -DSTM32F4 -DSTM32F429xx -c -I../Inc -I"D:/STM32F411/Chip_headers/Device/ST/STM32F4xx/Include" -I"D:/STM32F411/Chip_headers/Include" -O0 -ffunction-sections -fdata-sections -Wall -fstack-usage -fcyclomatic-complexity -MMD -MP -MF"Src/main.d" -MT"Src/main.o" --specs=nano.specs -mfpu=fpv4-sp-d16 -mfloat-abi=hard -mthumb -o "Src/main.o"
arm-none-eabi-gcc "../Src/syscalls.c" -mcpu=cortex-m4 -std=gnu11 -g3 -DDEBUG -DSTM32F429I_DISC1 -DSTM32 -DSTM32F429ZITx -DSTM32F4 -DSTM32F429xx -c -I../Inc -I"D:/STM32F411/Chip_headers/Device/ST/STM32F4xx/Include" -I"D:/STM32F411/Chip_headers/Include" -O0 -ffunction-sections -fdata-sections -Wall -fstack-usage -fcyclomatic-complexity -MMD -MP -MF"Src/syscalls.d" -MT"Src/syscalls.o" --specs=nano.specs -mfpu=fpv4-sp-d16 -mfloat-abi=hard -mthumb -o "Src/syscalls.o"
arm-none-eabi-gcc "../Src/sysmem.c" -mcpu=cortex-m4 -std=gnu11 -g3 -DDEBUG -DSTM32F429I_DISC1 -DSTM32 -DSTM32F429ZITx -DSTM32F4 -DSTM32F429xx -c -I../Inc -I"D:/STM32F411/Chip_headers/Device/ST/STM32F4xx/Include" -I"D:/STM32F411/Chip_headers/Include" -O0 -ffunction-sections -fdata-sections -Wall -fstack-usage -fcyclomatic-complexity -MMD -MP -MF"Src/sysmem.d" -MT"Src/sysmem.o" --specs=nano.specs -mfpu=fpv4-sp-d16 -mfloat-abi=hard -mthumb -o "Src/sysmem.o"
arm-none-eabi-gcc -o "USER_LED_HEADR.elf" @"objects.list"   -mcpu=cortex-m4 -T"D:\stm_work\USER_LED_HEADR\STM32F429ZITX_FLASH.ld" --specs=nosys.specs -Wl,-Map="USER_LED_HEADR.map" -Wl,--gc-sections -static --specs=nano.specs -mfpu=fpv4-sp-d16 -mfloat-abi=hard -mthumb -Wl,--start-group -lc -lm -Wl,--end-group
Finished building target: USER_LED_HEADR.elf
 
arm-none-eabi-size  USER_LED_HEADR.elf 
arm-none-eabi-objdump -h -S USER_LED_HEADR.elf  > "USER_LED_HEADR.list"
   text	   data	    bss	    dec	    hex	filename
    768	      0	   1568	   2336	    920	USER_LED_HEADR.elf
Finished building: default.size.stdout
 
Finished building: USER_LED_HEADR.list
 

21:19:17 Build Finished. 0 errors, 0 warnings. (took 3s.306ms)

